// Jest Snapshot v1, https://goo.gl/fbAQLP

exports[`LeaderboardHeader Snapshot LeaderboardHeader matches snapshot 1`] = `
<styled.div
  className="LeaderboardHeader"
>
  <h1>
    FCC Camper Leaderboard
  </h1>
  <div>
    <styled.button
      disabled={false}
      onClick={[Function]}
      value="recent"
    >
      Recent
    </styled.button>
    <styled.button
      disabled={false}
      onClick={[Function]}
      value="alltime"
    >
      All-Time
    </styled.button>
  </div>
</styled.div>
`;
