// Jest Snapshot v1, https://goo.gl/fbAQLP

exports[`Snapshot LeaderboardRow matches snapshot 1`] = `
<styled.tr>
  <styled.td />
  <styled.td>
    <styled.img
      src="#"
    />
     
    Loading
  </styled.td>
  <styled.td>
    42
  </styled.td>
  <styled.td>
    11
  </styled.td>
</styled.tr>
`;
